[    1080ms] [INFO] %cDownload the React DevTools for a better development experience: https://react.dev/link/react-devtools font-weight:bold @ http://localhost:3000/_next/static/chunks/0prs_next_dist_05bghtc._.js:2477
[    1260ms] [LOG] [HMR] connected @ http://localhost:3000/_next/static/chunks/0prs_next_dist_05bghtc._.js:2477
[    1550ms] [LOG] [Fast Refresh] rebuilding @ http://localhost:3000/_next/static/chunks/0prs_next_dist_05bghtc._.js:2477
[    1552ms] [LOG] [Fast Refresh] done in 109ms @ http://localhost:3000/_next/static/chunks/0prs_next_dist_05bghtc._.js:2477
[  719333ms] [LOG] [Fast Refresh] rebuilding @ http://localhost:3000/_next/static/chunks/0prs_next_dist_05bghtc._.js:2477
[  719622ms] [LOG] [Fast Refresh] done in 335ms @ http://localhost:3000/_next/static/chunks/0prs_next_dist_05bghtc._.js:2477
[  795350ms] [LOG] [Fast Refresh] rebuilding @ http://localhost:3000/_next/static/chunks/0prs_next_dist_05bghtc._.js:2477
[  795573ms] [LOG] [Fast Refresh] done in 171ms @ http://localhost:3000/_next/static/chunks/0prs_next_dist_05bghtc._.js:2477
[  795684ms] [LOG] [Fast Refresh] rebuilding @ http://localhost:3000/_next/static/chunks/0prs_next_dist_05bghtc._.js:2477
[  795850ms] [LOG] [Fast Refresh] done in 272ms @ http://localhost:3000/_next/static/chunks/0prs_next_dist_05bghtc._.js:2477
[  796065ms] [ERROR] Encountered two children with the same key, `%s`. Keys should be unique so that components maintain their identity across updates. Non-unique keys may cause children to be duplicated and/or omitted — the behavior is unsupported and could change in a future version. /products @ http://localhost:3000/_next/static/chunks/0prs_next_dist_05bghtc._.js:3318
[  796267ms] [LOG] [Fast Refresh] rebuilding @ http://localhost:3000/_next/static/chunks/0prs_next_dist_05bghtc._.js:2477
[  796339ms] [LOG] [Fast Refresh] done in 178ms @ http://localhost:3000/_next/static/chunks/0prs_next_dist_05bghtc._.js:2477
[  796969ms] [LOG] [Fast Refresh] rebuilding @ http://localhost:3000/_next/static/chunks/0prs_next_dist_05bghtc._.js:2477
[  797180ms] [LOG] [Fast Refresh] done in 318ms @ http://localhost:3000/_next/static/chunks/0prs_next_dist_05bghtc._.js:2477
[ 1082342ms] [LOG] [Fast Refresh] rebuilding @ http://localhost:3000/_next/static/chunks/0prs_next_dist_05bghtc._.js:2477
[ 1082517ms] [LOG] [Fast Refresh] done in 192ms @ http://localhost:3000/_next/static/chunks/0prs_next_dist_05bghtc._.js:2477
[ 1082634ms] [LOG] [Fast Refresh] rebuilding @ http://localhost:3000/_next/static/chunks/0prs_next_dist_05bghtc._.js:2477
[ 1082948ms] [LOG] [Fast Refresh] done in 414ms @ http://localhost:3000/_next/static/chunks/0prs_next_dist_05bghtc._.js:2477
[ 1083046ms] [ERROR] Encountered two children with the same key, `%s`. Keys should be unique so that components maintain their identity across updates. Non-unique keys may cause children to be duplicated and/or omitted — the behavior is unsupported and could change in a future version. /products @ http://localhost:3000/_next/static/chunks/0prs_next_dist_05bghtc._.js:3318
[ 1083953ms] [LOG] [Fast Refresh] rebuilding @ http://localhost:3000/_next/static/chunks/0prs_next_dist_05bghtc._.js:2477
[ 1083964ms] [LOG] [Fast Refresh] done in 119ms @ http://localhost:3000/_next/static/chunks/0prs_next_dist_05bghtc._.js:2477
[ 1127669ms] [LOG] [Fast Refresh] rebuilding @ http://localhost:3000/_next/static/chunks/0prs_next_dist_05bghtc._.js:2477
[ 1127834ms] [LOG] [Fast Refresh] done in 182ms @ http://localhost:3000/_next/static/chunks/0prs_next_dist_05bghtc._.js:2477
[ 1127971ms] [LOG] [Fast Refresh] rebuilding @ http://localhost:3000/_next/static/chunks/0prs_next_dist_05bghtc._.js:2477
[ 1128132ms] [LOG] [Fast Refresh] done in 269ms @ http://localhost:3000/_next/static/chunks/0prs_next_dist_05bghtc._.js:2477
[ 1128199ms] [ERROR] Encountered two children with the same key, `%s`. Keys should be unique so that components maintain their identity across updates. Non-unique keys may cause children to be duplicated and/or omitted — the behavior is unsupported and could change in a future version. /products @ http://localhost:3000/_next/static/chunks/0prs_next_dist_05bghtc._.js:3318
[ 1128584ms] [LOG] [Fast Refresh] rebuilding @ http://localhost:3000/_next/static/chunks/0prs_next_dist_05bghtc._.js:2477
[ 1128686ms] [LOG] [Fast Refresh] done in 204ms @ http://localhost:3000/_next/static/chunks/0prs_next_dist_05bghtc._.js:2477
[ 1203120ms] [LOG] [Fast Refresh] rebuilding @ http://localhost:3000/_next/static/chunks/0prs_next_dist_05bghtc._.js:2477
[ 1203321ms] [LOG] [Fast Refresh] done in 269ms @ http://localhost:3000/_next/static/chunks/0prs_next_dist_05bghtc._.js:2477
[ 1203457ms] [LOG] [Fast Refresh] rebuilding @ http://localhost:3000/_next/static/chunks/0prs_next_dist_05bghtc._.js:2477
[ 1203801ms] [LOG] [Fast Refresh] done in 454ms @ http://localhost:3000/_next/static/chunks/0prs_next_dist_05bghtc._.js:2477
[ 1203988ms] [ERROR] Encountered two children with the same key, `%s`. Keys should be unique so that components maintain their identity across updates. Non-unique keys may cause children to be duplicated and/or omitted — the behavior is unsupported and could change in a future version. /products @ http://localhost:3000/_next/static/chunks/0prs_next_dist_05bghtc._.js:3318
[ 1204571ms] [LOG] [Fast Refresh] rebuilding @ http://localhost:3000/_next/static/chunks/0prs_next_dist_05bghtc._.js:2477
[ 1204828ms] [LOG] [Fast Refresh] done in 357ms @ http://localhost:3000/_next/static/chunks/0prs_next_dist_05bghtc._.js:2477
[ 1365966ms] [LOG] [Fast Refresh] rebuilding @ http://localhost:3000/_next/static/chunks/0prs_next_dist_05bghtc._.js:2477
[ 1366353ms] [LOG] [Fast Refresh] done in 486ms @ http://localhost:3000/_next/static/chunks/0prs_next_dist_05bghtc._.js:2477
[ 1367032ms] [LOG] [Fast Refresh] rebuilding @ http://localhost:3000/_next/static/chunks/0prs_next_dist_05bghtc._.js:2477
[ 1367206ms] [LOG] [Fast Refresh] done in 277ms @ http://localhost:3000/_next/static/chunks/0prs_next_dist_05bghtc._.js:2477
[ 1367453ms] [ERROR] Encountered two children with the same key, `%s`. Keys should be unique so that components maintain their identity across updates. Non-unique keys may cause children to be duplicated and/or omitted — the behavior is unsupported and could change in a future version. /products @ http://localhost:3000/_next/static/chunks/0prs_next_dist_05bghtc._.js:3318
[ 1367550ms] [LOG] [Fast Refresh] rebuilding @ http://localhost:3000/_next/static/chunks/0prs_next_dist_05bghtc._.js:2477
[ 1367745ms] [LOG] [Fast Refresh] done in 305ms @ http://localhost:3000/_next/static/chunks/0prs_next_dist_05bghtc._.js:2477
[ 1412001ms] [LOG] [Fast Refresh] rebuilding @ http://localhost:3000/_next/static/chunks/0prs_next_dist_05bghtc._.js:2477
[ 1412004ms] [LOG] [Fast Refresh] done in 109ms @ http://localhost:3000/_next/static/chunks/0prs_next_dist_05bghtc._.js:2477
[ 1419017ms] [LOG] [Fast Refresh] rebuilding @ http://localhost:3000/_next/static/chunks/0prs_next_dist_05bghtc._.js:2477
[ 1419041ms] [LOG] [Fast Refresh] done in 129ms @ http://localhost:3000/_next/static/chunks/0prs_next_dist_05bghtc._.js:2477
[ 1579904ms] [LOG] [Fast Refresh] rebuilding @ http://localhost:3000/_next/static/chunks/0prs_next_dist_05bghtc._.js:2477
[ 1580304ms] [LOG] [Fast Refresh] done in 484ms @ http://localhost:3000/_next/static/chunks/0prs_next_dist_05bghtc._.js:2477
[ 1580747ms] [LOG] [Fast Refresh] rebuilding @ http://localhost:3000/_next/static/chunks/0prs_next_dist_05bghtc._.js:2477
[ 1581467ms] [LOG] [Fast Refresh] done in 823ms @ http://localhost:3000/_next/static/chunks/0prs_next_dist_05bghtc._.js:2477
[ 1581735ms] [ERROR] Encountered two children with the same key, `%s`. Keys should be unique so that components maintain their identity across updates. Non-unique keys may cause children to be duplicated and/or omitted — the behavior is unsupported and could change in a future version. /products @ http://localhost:3000/_next/static/chunks/0prs_next_dist_05bghtc._.js:3318
[ 1581848ms] [ERROR] Encountered two children with the same key, `%s`. Keys should be unique so that components maintain their identity across updates. Non-unique keys may cause children to be duplicated and/or omitted — the behavior is unsupported and could change in a future version. /products @ http://localhost:3000/_next/static/chunks/0prs_next_dist_05bghtc._.js:3318
[ 1581916ms] [ERROR] Encountered two children with the same key, `%s`. Keys should be unique so that components maintain their identity across updates. Non-unique keys may cause children to be duplicated and/or omitted — the behavior is unsupported and could change in a future version. /products @ http://localhost:3000/_next/static/chunks/0prs_next_dist_05bghtc._.js:3318
[ 1582702ms] [LOG] [Fast Refresh] rebuilding @ http://localhost:3000/_next/static/chunks/0prs_next_dist_05bghtc._.js:2477
[ 1582850ms] [LOG] [Fast Refresh] done in 252ms @ http://localhost:3000/_next/static/chunks/0prs_next_dist_05bghtc._.js:2477
[ 1588187ms] [LOG] [Fast Refresh] rebuilding @ http://localhost:3000/_next/static/chunks/0prs_next_dist_05bghtc._.js:2477
[ 1588294ms] [LOG] [Fast Refresh] done in 192ms @ http://localhost:3000/_next/static/chunks/0prs_next_dist_05bghtc._.js:2477
[ 1588787ms] [ERROR] Encountered two children with the same key, `%s`. Keys should be unique so that components maintain their identity across updates. Non-unique keys may cause children to be duplicated and/or omitted — the behavior is unsupported and could change in a future version. /products @ http://localhost:3000/_next/static/chunks/0prs_next_dist_05bghtc._.js:3318
[ 1589470ms] [LOG] [Fast Refresh] rebuilding @ http://localhost:3000/_next/static/chunks/0prs_next_dist_05bghtc._.js:2477
[ 1589642ms] [LOG] [Fast Refresh] done in 272ms @ http://localhost:3000/_next/static/chunks/0prs_next_dist_05bghtc._.js:2477
[ 1598201ms] [LOG] [Fast Refresh] rebuilding @ http://localhost:3000/_next/static/chunks/0prs_next_dist_05bghtc._.js:2477
[ 1601665ms] [LOG] [Fast Refresh] done in 3562ms @ http://localhost:3000/_next/static/chunks/0prs_next_dist_05bghtc._.js:2477
[ 1601837ms] [LOG] [Fast Refresh] rebuilding @ http://localhost:3000/_next/static/chunks/0prs_next_dist_05bghtc._.js:2477
[ 1602055ms] [LOG] [Fast Refresh] done in 325ms @ http://localhost:3000/_next/static/chunks/0prs_next_dist_05bghtc._.js:2477
[ 1602304ms] [LOG] [Fast Refresh] rebuilding @ http://localhost:3000/_next/static/chunks/0prs_next_dist_05bghtc._.js:2477
[ 1602419ms] [LOG] [Fast Refresh] done in 218ms @ http://localhost:3000/_next/static/chunks/0prs_next_dist_05bghtc._.js:2477
[ 1602573ms] [LOG] [Fast Refresh] rebuilding @ http://localhost:3000/_next/static/chunks/0prs_next_dist_05bghtc._.js:2477
[ 1602578ms] [LOG] [Fast Refresh] done in 120ms @ http://localhost:3000/_next/static/chunks/0prs_next_dist_05bghtc._.js:2477
[ 1602670ms] [ERROR] Encountered two children with the same key, `%s`. Keys should be unique so that components maintain their identity across updates. Non-unique keys may cause children to be duplicated and/or omitted — the behavior is unsupported and could change in a future version. /products @ http://localhost:3000/_next/static/chunks/0prs_next_dist_05bghtc._.js:3318
[ 1602968ms] [LOG] [Fast Refresh] rebuilding @ http://localhost:3000/_next/static/chunks/0prs_next_dist_05bghtc._.js:2477
[ 1603142ms] [LOG] [Fast Refresh] done in 285ms @ http://localhost:3000/_next/static/chunks/0prs_next_dist_05bghtc._.js:2477
[ 1603646ms] [LOG] [Fast Refresh] rebuilding @ http://localhost:3000/_next/static/chunks/0prs_next_dist_05bghtc._.js:2477
[ 1603657ms] [LOG] [Fast Refresh] done in 118ms @ http://localhost:3000/_next/static/chunks/0prs_next_dist_05bghtc._.js:2477
[ 1624918ms] [LOG] [Fast Refresh] rebuilding @ http://localhost:3000/_next/static/chunks/0prs_next_dist_05bghtc._.js:2477
[ 1624978ms] [LOG] [Fast Refresh] done in 170ms @ http://localhost:3000/_next/static/chunks/0prs_next_dist_05bghtc._.js:2477
[ 1625092ms] [LOG] [Fast Refresh] rebuilding @ http://localhost:3000/_next/static/chunks/0prs_next_dist_05bghtc._.js:2477
[ 1625600ms] [LOG] [Fast Refresh] done in 547ms @ http://localhost:3000/_next/static/chunks/0prs_next_dist_05bghtc._.js:2477
[ 1626228ms] [LOG] [Fast Refresh] rebuilding @ http://localhost:3000/_next/static/chunks/0prs_next_dist_05bghtc._.js:2477
[ 1627218ms] [LOG] [Fast Refresh] done in 1102ms @ http://localhost:3000/_next/static/chunks/0prs_next_dist_05bghtc._.js:2477
[ 1627736ms] [ERROR] Encountered two children with the same key, `%s`. Keys should be unique so that components maintain their identity across updates. Non-unique keys may cause children to be duplicated and/or omitted — the behavior is unsupported and could change in a future version. /products @ http://localhost:3000/_next/static/chunks/0prs_next_dist_05bghtc._.js:3318
[ 1627981ms] [ERROR] Encountered two children with the same key, `%s`. Keys should be unique so that components maintain their identity across updates. Non-unique keys may cause children to be duplicated and/or omitted — the behavior is unsupported and could change in a future version. /products @ http://localhost:3000/_next/static/chunks/0prs_next_dist_05bghtc._.js:3318
[ 1628030ms] [ERROR] Encountered two children with the same key, `%s`. Keys should be unique so that components maintain their identity across updates. Non-unique keys may cause children to be duplicated and/or omitted — the behavior is unsupported and could change in a future version. /products @ http://localhost:3000/_next/static/chunks/0prs_next_dist_05bghtc._.js:3318
[ 1628593ms] [ERROR] Encountered two children with the same key, `%s`. Keys should be unique so that components maintain their identity across updates. Non-unique keys may cause children to be duplicated and/or omitted — the behavior is unsupported and could change in a future version. /products @ http://localhost:3000/_next/static/chunks/0prs_next_dist_05bghtc._.js:3318
[ 1629474ms] [LOG] [Fast Refresh] rebuilding @ http://localhost:3000/_next/static/chunks/0prs_next_dist_05bghtc._.js:2477
[ 1630034ms] [LOG] [Fast Refresh] done in 668ms @ http://localhost:3000/_next/static/chunks/0prs_next_dist_05bghtc._.js:2477
[ 1685224ms] [LOG] [Fast Refresh] rebuilding @ http://localhost:3000/_next/static/chunks/0prs_next_dist_05bghtc._.js:2477
[ 1685230ms] [LOG] [Fast Refresh] done in 113ms @ http://localhost:3000/_next/static/chunks/0prs_next_dist_05bghtc._.js:2477
[ 1685936ms] [LOG] [Fast Refresh] rebuilding @ http://localhost:3000/_next/static/chunks/0prs_next_dist_05bghtc._.js:2477
[ 1685964ms] [LOG] [Fast Refresh] done in 132ms @ http://localhost:3000/_next/static/chunks/0prs_next_dist_05bghtc._.js:2477
[ 1707765ms] [LOG] [Fast Refresh] rebuilding @ http://localhost:3000/_next/static/chunks/0prs_next_dist_05bghtc._.js:2477
[ 1707766ms] [LOG] [Fast Refresh] done in 104ms @ http://localhost:3000/_next/static/chunks/0prs_next_dist_05bghtc._.js:2477
[ 1708141ms] [LOG] [Fast Refresh] rebuilding @ http://localhost:3000/_next/static/chunks/0prs_next_dist_05bghtc._.js:2477
[ 1708197ms] [LOG] [Fast Refresh] done in 167ms @ http://localhost:3000/_next/static/chunks/0prs_next_dist_05bghtc._.js:2477
